char_traits.h:284:7:static constexpr void std::char_traits<char>::assign(std::char_traits<char>::char_type&, const char_type&)	16	static
char_traits.h:300:7:static constexpr int std::char_traits<char>::compare(const char_type*, const char_type*, std::size_t)	24	static
char_traits.h:314:7:static constexpr std::size_t std::char_traits<char>::length(const char_type*)	24	static
char_traits.h:346:7:static std::char_traits<char>::char_type* std::char_traits<char>::copy(std::char_traits<char>::char_type*, const char_type*, std::size_t)	24	static
new:168:14:void* operator new(std::size_t, void*)	16	static
gthr-default.h:229:1:int __gthread_key_delete(__gthread_key_t)	16	static
application.hpp:31:5:cep::Application::Application()	16	static
application.hpp:38:17:static void cep::Application::AssertFailed()	4	static
std_function.h:271:5:std::_Function_base::_Function_base()	16	static
std_function.h:273:5:std::_Function_base::~_Function_base()	16	static
stl_algobase.h:195:5:constexpr const _Tp& std::min(const _Tp&, const _Tp&) [with _Tp = unsigned int]	16	static
std_function.h:389:11:std::function<void(const char*, unsigned int)>::~function()	16	static
logger.hpp:107:20:static Logger* Logger::Get()	4	static
stl_tree.h:173:5:std::_Rb_tree_header::_Rb_tree_header()	16	static
stl_tree.h:206:5:void std::_Rb_tree_header::_M_reset()	16	static
MasterApplication.h:45:10:void MasterApplication::AddModule(cep::Module*)	24	static
application.hpp:32:13:cep::Application::~Application()	16	static
application.hpp:32:13:virtual cep::Application::~Application()	16	static
stl_tree.h:688:4:std::_Rb_tree<_Key, _Val, _KeyOfValue, _Compare, _Alloc>::_Rb_tree_impl<_Key_compare, <anonymous> >::_Rb_tree_impl() [with _Key_compare = std::less<std::__cxx11::basic_string<char> >; bool <anonymous> = true; _Key = std::__cxx11::basic_string<char>; _Val = std::pair<const std::__cxx11::basic_string<char>, cep::Module*>; _KeyOfValue = std::_Select1st<std::pair<const std::__cxx11::basic_string<char>, cep::Module*> >; _Compare = std::less<std::__cxx11::basic_string<char> >; _Alloc = std::allocator<std::pair<const std::__cxx11::basic_string<char>, cep::Module*> >]	16	static
stl_tree.h:677:16:std::_Rb_tree<std::__cxx11::basic_string<char>, std::pair<const std::__cxx11::basic_string<char>, cep::Module*>, std::_Select1st<std::pair<const std::__cxx11::basic_string<char>, cep::Module*> >, std::less<std::__cxx11::basic_string<char> >, std::allocator<std::pair<const std::__cxx11::basic_string<char>, cep::Module*> > >::_Rb_tree_impl<std::less<std::__cxx11::basic_string<char> >, true>::~_Rb_tree_impl()	16	static
stl_tree.h:913:7:std::_Rb_tree<_Key, _Val, _KeyOfValue, _Compare, _Alloc>::_Rb_tree() [with _Key = std::__cxx11::basic_string<char>; _Val = std::pair<const std::__cxx11::basic_string<char>, cep::Module*>; _KeyOfValue = std::_Select1st<std::pair<const std::__cxx11::basic_string<char>, cep::Module*> >; _Compare = std::less<std::__cxx11::basic_string<char> >; _Alloc = std::allocator<std::pair<const std::__cxx11::basic_string<char>, cep::Module*> >]	16	static
stl_map.h:177:7:std::map<_Key, _Tp, _Compare, _Alloc>::map() [with _Key = std::__cxx11::basic_string<char>; _Tp = cep::Module*; _Compare = std::less<std::__cxx11::basic_string<char> >; _Alloc = std::allocator<std::pair<const std::__cxx11::basic_string<char>, cep::Module*> >]	16	static
stl_map.h:294:7:std::map<_Key, _Tp, _Compare, _Alloc>::~map() [with _Key = std::__cxx11::basic_string<char>; _Tp = cep::Module*; _Compare = std::less<std::__cxx11::basic_string<char> >; _Alloc = std::allocator<std::pair<const std::__cxx11::basic_string<char>, cep::Module*> >]	16	static
MasterApplication.cpp:26:1:MasterApplication::MasterApplication()	48	static
MasterApplication.cpp:32:6:virtual void MasterApplication::Init()	16	static
stl_iterator.h:180:7:constexpr std::reverse_iterator<_Iterator>::pointer std::reverse_iterator<_Iterator>::operator->() const [with _Iterator = std::_Rb_tree_iterator<std::pair<const std::__cxx11::basic_string<char>, cep::Module*> >]	16	static
stl_iterator.h:168:7:constexpr std::reverse_iterator<_Iterator>::reference std::reverse_iterator<_Iterator>::operator*() const [with _Iterator = std::_Rb_tree_iterator<std::pair<const std::__cxx11::basic_string<char>, cep::Module*> >]	24	static
MasterApplication.cpp:39:6:virtual bool MasterApplication::DoPost()	80	static
MasterApplication.cpp:69:6:virtual void MasterApplication::Run()	112	static
MasterApplication.cpp:99:14:static cep::Module* MasterApplication::GetModule(const string&)	16	static
MasterApplication.cpp:107:6:void MasterApplication::InitializeHAL()	16	static
MasterApplication.cpp:115:6:void MasterApplication::InitializeServices()	16	static
MasterApplication.cpp:117:6:void MasterApplication::InitializeModules()	104	static
char_traits.h:104:7:static constexpr bool __gnu_cxx::char_traits<_CharT>::lt(const char_type&, const char_type&) [with _CharT = char]	16	static
char_traits.h:148:5:static constexpr int __gnu_cxx::char_traits<_CharT>::compare(const char_type*, const char_type*, std::size_t) [with _CharT = char]	32	static
char_traits.h:161:5:static constexpr std::size_t __gnu_cxx::char_traits<_CharT>::length(const char_type*) [with _CharT = char]	24	static
char_traits.h:100:7:static constexpr bool __gnu_cxx::char_traits<_CharT>::eq(const char_type&, const char_type&) [with _CharT = char]	16	static
basic_string.h:139:14:std::__cxx11::basic_string<char>::_Alloc_hider::~_Alloc_hider()	16	static
basic_string.h:646:7:std::__cxx11::basic_string<_CharT, _Traits, _Alloc>::~basic_string() [with _CharT = char; _Traits = std::char_traits<char>; _Alloc = std::allocator<char>]	16	static
basic_string.h:2283:7:const _CharT* std::__cxx11::basic_string<_CharT, _Traits, _Alloc>::data() const [with _CharT = char; _Traits = std::char_traits<char>; _Alloc = std::allocator<char>]	16	static
basic_string.h:917:7:std::__cxx11::basic_string<_CharT, _Traits, _Alloc>::size_type std::__cxx11::basic_string<_CharT, _Traits, _Alloc>::length() const [with _CharT = char; _Traits = std::char_traits<char>; _Alloc = std::allocator<char>]	16	static
std_function.h:414:7:)>::function() [with _Res = void; _ArgTypes = {const char*, unsigned int}]	16	static
basic_string.h:509:7:std::__cxx11::basic_string<_CharT, _Traits, _Alloc>::basic_string(const _CharT*, const _Alloc&) [with _CharT = char; _Traits = std::char_traits<char>; _Alloc = std::allocator<char>]	32	static
tuple:608:19: (_Elements) >= 1)), bool>::type <anonymous> = 1; _Elements = {const std::__cxx11::basic_string<char, std::char_traits<char>, std::allocator<char> >&}]	16	static
tuple:360:17:constexpr std::_Tuple_impl<_Idx, _Head>::_Tuple_impl(const _Head&) [with unsigned int _Idx = 0; _Head = const std::__cxx11::basic_string<char>&]	16	static
tuple:125:17:constexpr std::_Head_base<_Idx, _Head, false>::_Head_base(const _Head&) [with unsigned int _Idx = 0; _Head = const std::__cxx11::basic_string<char>&]	16	static
stl_map.h:484:7:std::map<_Key, _Tp, _Compare, _Alloc>::mapped_type& std::map<_Key, _Tp, _Compare, _Alloc>::operator[](const key_type&) [with _Key = std::__cxx11::basic_string<char>; _Tp = cep::Module*; _Compare = std::less<std::__cxx11::basic_string<char> >; _Alloc = std::allocator<std::pair<const std::__cxx11::basic_string<char>, cep::Module*> >]	56	static
allocator.h:131:7:std::allocator< <template-parameter-1-1> >::allocator() [with _Tp = std::_Rb_tree_node<std::pair<const std::__cxx11::basic_string<char>, cep::Module*> >]	16	static
allocator.h:139:7:std::allocator< <template-parameter-1-1> >::~allocator() [with _Tp = std::_Rb_tree_node<std::pair<const std::__cxx11::basic_string<char>, cep::Module*> >]	16	static
stl_tree.h:146:7:std::_Rb_tree_key_compare<_Key_compare>::_Rb_tree_key_compare() [with _Key_compare = std::less<std::__cxx11::basic_string<char> >]	16	static
stl_tree.h:948:7:std::_Rb_tree<_Key, _Val, _KeyOfValue, _Compare, _Alloc>::~_Rb_tree() [with _Key = std::__cxx11::basic_string<char>; _Val = std::pair<const std::__cxx11::basic_string<char>, cep::Module*>; _KeyOfValue = std::_Select1st<std::pair<const std::__cxx11::basic_string<char>, cep::Module*> >; _Compare = std::less<std::__cxx11::basic_string<char> >; _Alloc = std::allocator<std::pair<const std::__cxx11::basic_string<char>, cep::Module*> >]	16	static
stl_map.h:384:7:std::map<_Key, _Tp, _Compare, _Alloc>::reverse_iterator std::map<_Key, _Tp, _Compare, _Alloc>::rbegin() [with _Key = std::__cxx11::basic_string<char>; _Tp = cep::Module*; _Compare = std::less<std::__cxx11::basic_string<char> >; _Alloc = std::allocator<std::pair<const std::__cxx11::basic_string<char>, cep::Module*> >]	16	static
stl_map.h:402:7:std::map<_Key, _Tp, _Compare, _Alloc>::reverse_iterator std::map<_Key, _Tp, _Compare, _Alloc>::rend() [with _Key = std::__cxx11::basic_string<char>; _Tp = cep::Module*; _Compare = std::less<std::__cxx11::basic_string<char> >; _Alloc = std::allocator<std::pair<const std::__cxx11::basic_string<char>, cep::Module*> >]	16	static
stl_iterator.h:311:5:constexpr bool std::operator!=(const std::reverse_iterator<_Iterator>&, const std::reverse_iterator<_Iterator>&) [with _Iterator = std::_Rb_tree_iterator<std::pair<const std::__cxx11::basic_string<char>, cep::Module*> >]	16	static
stl_iterator.h:201:7:constexpr std::reverse_iterator<_Iterator> std::reverse_iterator<_Iterator>::operator++(int) [with _Iterator = std::_Rb_tree_iterator<std::pair<const std::__cxx11::basic_string<char>, cep::Module*> >]	24	static
stl_tree.h:300:7:std::_Rb_tree_iterator<_Tp>::_Self& std::_Rb_tree_iterator<_Tp>::operator--() [with _Tp = std::pair<const std::__cxx11::basic_string<char>, cep::Module*>]	16	static
stl_tree.h:277:7:_Tp& std::_Rb_tree_iterator<_Tp>::operator*() const [with _Tp = std::pair<const std::__cxx11::basic_string<char>, cep::Module*>]	16	static
stl_map.h:348:7:std::map<_Key, _Tp, _Compare, _Alloc>::iterator std::map<_Key, _Tp, _Compare, _Alloc>::begin() [with _Key = std::__cxx11::basic_string<char>; _Tp = cep::Module*; _Compare = std::less<std::__cxx11::basic_string<char> >; _Alloc = std::allocator<std::pair<const std::__cxx11::basic_string<char>, cep::Module*> >]	16	static
stl_map.h:366:7:std::map<_Key, _Tp, _Compare, _Alloc>::iterator std::map<_Key, _Tp, _Compare, _Alloc>::end() [with _Key = std::__cxx11::basic_string<char>; _Tp = cep::Module*; _Compare = std::less<std::__cxx11::basic_string<char> >; _Alloc = std::allocator<std::pair<const std::__cxx11::basic_string<char>, cep::Module*> >]	16	static
stl_tree.h:319:7:bool std::_Rb_tree_iterator<_Tp>::operator!=(const _Self&) const [with _Tp = std::pair<const std::__cxx11::basic_string<char>, cep::Module*>]	16	static
stl_tree.h:285:7:std::_Rb_tree_iterator<_Tp>::_Self& std::_Rb_tree_iterator<_Tp>::operator++() [with _Tp = std::pair<const std::__cxx11::basic_string<char>, cep::Module*>]	16	static
stl_map.h:529:7:std::map<_Key, _Tp, _Compare, _Alloc>::mapped_type& std::map<_Key, _Tp, _Compare, _Alloc>::at(const key_type&) [with _Key = std::__cxx11::basic_string<char>; _Tp = cep::Module*; _Compare = std::less<std::__cxx11::basic_string<char> >; _Alloc = std::allocator<std::pair<const std::__cxx11::basic_string<char>, cep::Module*> >]	32	static
basic_string.h:175:7:std::__cxx11::basic_string<_CharT, _Traits, _Alloc>::pointer std::__cxx11::basic_string<_CharT, _Traits, _Alloc>::_M_data() const [with _CharT = char; _Traits = std::char_traits<char>; _Alloc = std::allocator<char>]	16	static
basic_string.h:218:7:void std::__cxx11::basic_string<_CharT, _Traits, _Alloc>::_M_dispose() [with _CharT = char; _Traits = std::char_traits<char>; _Alloc = std::allocator<char>]	16	static
basic_string.h:179:7:std::__cxx11::basic_string<_CharT, _Traits, _Alloc>::pointer std::__cxx11::basic_string<_CharT, _Traits, _Alloc>::_M_local_data() [with _CharT = char; _Traits = std::char_traits<char>; _Alloc = std::allocator<char>]	16	static
basic_string.h:145:2:std::__cxx11::basic_string<_CharT, _Traits, _Alloc>::_Alloc_hider::_Alloc_hider(std::__cxx11::basic_string<_CharT, _Traits, _Alloc>::pointer, const _Alloc&) [with _CharT = char; _Traits = std::char_traits<char>; _Alloc = std::allocator<char>]	24	static
basic_string.h:252:9:void std::__cxx11::basic_string<_CharT, _Traits, _Alloc>::_M_construct(_InIterator, _InIterator) [with _InIterator = const char*; _CharT = char; _Traits = std::char_traits<char>; _Alloc = std::allocator<char>]	24	static
basic_string.h:911:7:std::__cxx11::basic_string<_CharT, _Traits, _Alloc>::size_type std::__cxx11::basic_string<_CharT, _Traits, _Alloc>::size() const [with _CharT = char; _Traits = std::char_traits<char>; _Alloc = std::allocator<char>]	16	static
basic_string.h:437:7:std::__cxx11::basic_string<_CharT, _Traits, _Alloc>::basic_string(const std::__cxx11::basic_string<_CharT, _Traits, _Alloc>&) [with _CharT = char; _Traits = std::char_traits<char>; _Alloc = std::allocator<char>]	32	static
stl_map.h:1233:7:std::map<_Key, _Tp, _Compare, _Alloc>::iterator std::map<_Key, _Tp, _Compare, _Alloc>::lower_bound(const key_type&) [with _Key = std::__cxx11::basic_string<char>; _Tp = cep::Module*; _Compare = std::less<std::__cxx11::basic_string<char> >; _Alloc = std::allocator<std::pair<const std::__cxx11::basic_string<char>, cep::Module*> >]	16	static
stl_tree.h:315:7:bool std::_Rb_tree_iterator<_Tp>::operator==(const _Self&) const [with _Tp = std::pair<const std::__cxx11::basic_string<char>, cep::Module*>]	16	static
stl_map.h:1136:7:std::map<_Key, _Tp, _Compare, _Alloc>::key_compare std::map<_Key, _Tp, _Compare, _Alloc>::key_comp() const [with _Key = std::__cxx11::basic_string<char>; _Tp = cep::Module*; _Compare = std::less<std::__cxx11::basic_string<char> >; _Alloc = std::allocator<std::pair<const std::__cxx11::basic_string<char>, cep::Module*> >]	24	static
stl_function.h:385:7:constexpr bool std::less<_Tp>::operator()(const _Tp&, const _Tp&) const [with _Tp = std::__cxx11::basic_string<char>]	24	static
stl_tree.h:348:7:std::_Rb_tree_const_iterator<_Tp>::_Rb_tree_const_iterator(const iterator&) [with _Tp = std::pair<const std::__cxx11::basic_string<char>, cep::Module*>]	16	static
move.h:73:5:constexpr _Tp&& std::forward(typename std::remove_reference<_From>::type&) [with _Tp = const std::piecewise_construct_t&]	16	static
move.h:73:5:constexpr _Tp&& std::forward(typename std::remove_reference<_From>::type&) [with _Tp = std::tuple<const std::__cxx11::basic_string<char, std::char_traits<char>, std::allocator<char> >&>]	16	static
move.h:73:5:constexpr _Tp&& std::forward(typename std::remove_reference<_From>::type&) [with _Tp = std::tuple<>]	16	static
stl_tree.h:2395:7:) [with _Args = {const std::piecewise_construct_t&, std::tuple<const std::__cxx11::basic_string<char, std::char_traits<char>, std::allocator<char> >&>, std::tuple<>}; _Key = std::__cxx11::basic_string<char>; _Val = std::pair<const std::__cxx11::basic_string<char>, cep::Module*>; _KeyOfValue = std::_Select1st<std::pair<const std::__cxx11::basic_string<char>, cep::Module*> >; _Compare = std::less<std::__cxx11::basic_string<char> >; _Alloc = std::allocator<std::pair<const std::__cxx11::basic_string<char>, cep::Module*> >]	48	static
new_allocator.h:79:7:__gnu_cxx::new_allocator<_Tp>::new_allocator() [with _Tp = std::_Rb_tree_node<std::pair<const std::__cxx11::basic_string<char>, cep::Module*> >]	16	static
new_allocator.h:86:7:__gnu_cxx::new_allocator<_Tp>::~new_allocator() [with _Tp = std::_Rb_tree_node<std::pair<const std::__cxx11::basic_string<char>, cep::Module*> >]	16	static
stl_tree.h:1850:5:void std::_Rb_tree<_Key, _Val, _KeyOfValue, _Compare, _Alloc>::_M_erase(std::_Rb_tree<_Key, _Val, _KeyOfValue, _Compare, _Alloc>::_Link_type) [with _Key = std::__cxx11::basic_string<char>; _Val = std::pair<const std::__cxx11::basic_string<char>, cep::Module*>; _KeyOfValue = std::_Select1st<std::pair<const std::__cxx11::basic_string<char>, cep::Module*> >; _Compare = std::less<std::__cxx11::basic_string<char> >; _Alloc = std::allocator<std::pair<const std::__cxx11::basic_string<char>, cep::Module*> >]	24	static
stl_tree.h:736:7:std::_Rb_tree_node<_Val>* std::_Rb_tree<_Key, _Val, _KeyOfValue, _Compare, _Alloc>::_M_begin() [with _Key = std::__cxx11::basic_string<char>; _Val = std::pair<const std::__cxx11::basic_string<char>, cep::Module*>; _KeyOfValue = std::_Select1st<std::pair<const std::__cxx11::basic_string<char>, cep::Module*> >; _Compare = std::less<std::__cxx11::basic_string<char> >; _Alloc = std::allocator<std::pair<const std::__cxx11::basic_string<char>, cep::Module*> >]	16	static
stl_tree.h:976:7:std::_Rb_tree<_Key, _Val, _KeyOfValue, _Compare, _Alloc>::reverse_iterator std::_Rb_tree<_Key, _Val, _KeyOfValue, _Compare, _Alloc>::rbegin() [with _Key = std::__cxx11::basic_string<char>; _Val = std::pair<const std::__cxx11::basic_string<char>, cep::Module*>; _KeyOfValue = std::_Select1st<std::pair<const std::__cxx11::basic_string<char>, cep::Module*> >; _Compare = std::less<std::__cxx11::basic_string<char> >; _Alloc = std::allocator<std::pair<const std::__cxx11::basic_string<char>, cep::Module*> >]	16	static
stl_tree.h:984:7:std::_Rb_tree<_Key, _Val, _KeyOfValue, _Compare, _Alloc>::reverse_iterator std::_Rb_tree<_Key, _Val, _KeyOfValue, _Compare, _Alloc>::rend() [with _Key = std::__cxx11::basic_string<char>; _Val = std::pair<const std::__cxx11::basic_string<char>, cep::Module*>; _KeyOfValue = std::_Select1st<std::pair<const std::__cxx11::basic_string<char>, cep::Module*> >; _Compare = std::less<std::__cxx11::basic_string<char> >; _Alloc = std::allocator<std::pair<const std::__cxx11::basic_string<char>, cep::Module*> >]	16	static
stl_iterator.h:299:5:constexpr bool std::operator==(const std::reverse_iterator<_Iterator>&, const std::reverse_iterator<_Iterator>&) [with _Iterator = std::_Rb_tree_iterator<std::pair<const std::__cxx11::basic_string<char>, cep::Module*> >]	24	static
stl_iterator.h:138:7:constexpr std::reverse_iterator<_Iterator>::reverse_iterator(const std::reverse_iterator<_Iterator>&) [with _Iterator = std::_Rb_tree_iterator<std::pair<const std::__cxx11::basic_string<char>, cep::Module*> >]	16	static
stl_tree.h:234:7:_Val* std::_Rb_tree_node<_Val>::_M_valptr() [with _Val = std::pair<const std::__cxx11::basic_string<char>, cep::Module*>]	16	static
stl_tree.h:960:7:std::_Rb_tree<_Key, _Val, _KeyOfValue, _Compare, _Alloc>::iterator std::_Rb_tree<_Key, _Val, _KeyOfValue, _Compare, _Alloc>::begin() [with _Key = std::__cxx11::basic_string<char>; _Val = std::pair<const std::__cxx11::basic_string<char>, cep::Module*>; _KeyOfValue = std::_Select1st<std::pair<const std::__cxx11::basic_string<char>, cep::Module*> >; _Compare = std::less<std::__cxx11::basic_string<char> >; _Alloc = std::allocator<std::pair<const std::__cxx11::basic_string<char>, cep::Module*> >]	24	static
stl_tree.h:968:7:std::_Rb_tree<_Key, _Val, _KeyOfValue, _Compare, _Alloc>::iterator std::_Rb_tree<_Key, _Val, _KeyOfValue, _Compare, _Alloc>::end() [with _Key = std::__cxx11::basic_string<char>; _Val = std::pair<const std::__cxx11::basic_string<char>, cep::Module*>; _KeyOfValue = std::_Select1st<std::pair<const std::__cxx11::basic_string<char>, cep::Module*> >; _Compare = std::less<std::__cxx11::basic_string<char> >; _Alloc = std::allocator<std::pair<const std::__cxx11::basic_string<char>, cep::Module*> >]	24	static
basic_string.h:252:9:void std::__cxx11::basic_string<_CharT, _Traits, _Alloc>::_M_construct(_InIterator, _InIterator) [with _InIterator = char*; _CharT = char; _Traits = std::char_traits<char>; _Alloc = std::allocator<char>]	24	static
basic_string.h:210:7:bool std::__cxx11::basic_string<_CharT, _Traits, _Alloc>::_M_is_local() const [with _CharT = char; _Traits = std::char_traits<char>; _Alloc = std::allocator<char>]	24	static
basic_string.h:225:7:void std::__cxx11::basic_string<_CharT, _Traits, _Alloc>::_M_destroy(std::__cxx11::basic_string<_CharT, _Traits, _Alloc>::size_type) [with _CharT = char; _Traits = std::char_traits<char>; _Alloc = std::allocator<char>]	24	static
ptr_traits.h:141:7:static _Tp* std::pointer_traits<_Tp*>::pointer_to(std::__make_not_void<_Tp>&) [with _Tp = char]	16	static
basic_string.h:232:9:void std::__cxx11::basic_string<_CharT, _Traits, _Alloc>::_M_construct_aux(_InIterator, _InIterator, std::__false_type) [with _InIterator = const char*; _CharT = char; _Traits = std::char_traits<char>; _Alloc = std::allocator<char>]	40	static
alloc_traits.h:94:19:static _Alloc __gnu_cxx::__alloc_traits<_Alloc>::_S_select_on_copy(const _Alloc&) [with _Alloc = std::allocator<char>]	16	static
basic_string.h:279:7:const allocator_type& std::__cxx11::basic_string<_CharT, _Traits, _Alloc>::_M_get_allocator() const [with _CharT = char; _Traits = std::char_traits<char>; _Alloc = std::allocator<char>]	16	static
move.h:98:5:constexpr typename std::remove_reference< <template-parameter-1-1> >::type&& std::move(_Tp&&) [with _Tp = std::allocator<char>&]	16	static
basic_string.h:148:2:std::__cxx11::basic_string<_CharT, _Traits, _Alloc>::_Alloc_hider::_Alloc_hider(std::__cxx11::basic_string<_CharT, _Traits, _Alloc>::pointer, _Alloc&&) [with _CharT = char; _Traits = std::char_traits<char>; _Alloc = std::allocator<char>]	24	static
basic_string.h:275:7:std::__cxx11::basic_string<_CharT, _Traits, _Alloc>::allocator_type& std::__cxx11::basic_string<_CharT, _Traits, _Alloc>::_M_get_allocator() [with _CharT = char; _Traits = std::char_traits<char>; _Alloc = std::allocator<char>]	16	static
basic_string.h:167:7:void std::__cxx11::basic_string<_CharT, _Traits, _Alloc>::_M_data(std::__cxx11::basic_string<_CharT, _Traits, _Alloc>::pointer) [with _CharT = char; _Traits = std::char_traits<char>; _Alloc = std::allocator<char>]	16	static
basic_string.h:199:7:void std::__cxx11::basic_string<_CharT, _Traits, _Alloc>::_M_capacity(std::__cxx11::basic_string<_CharT, _Traits, _Alloc>::size_type) [with _CharT = char; _Traits = std::char_traits<char>; _Alloc = std::allocator<char>]	16	static
basic_string.h:171:7:void std::__cxx11::basic_string<_CharT, _Traits, _Alloc>::_M_length(std::__cxx11::basic_string<_CharT, _Traits, _Alloc>::size_type) [with _CharT = char; _Traits = std::char_traits<char>; _Alloc = std::allocator<char>]	16	static
basic_string.h:203:7:void std::__cxx11::basic_string<_CharT, _Traits, _Alloc>::_M_set_length(std::__cxx11::basic_string<_CharT, _Traits, _Alloc>::size_type) [with _CharT = char; _Traits = std::char_traits<char>; _Alloc = std::allocator<char>]	24	static
stl_tree.h:1186:7:std::_Rb_tree<_Key, _Val, _KeyOfValue, _Compare, _Alloc>::iterator std::_Rb_tree<_Key, _Val, _KeyOfValue, _Compare, _Alloc>::lower_bound(const key_type&) [with _Key = std::__cxx11::basic_string<char>; _Val = std::pair<const std::__cxx11::basic_string<char>, cep::Module*>; _KeyOfValue = std::_Select1st<std::pair<const std::__cxx11::basic_string<char>, cep::Module*> >; _Compare = std::less<std::__cxx11::basic_string<char> >; _Alloc = std::allocator<std::pair<const std::__cxx11::basic_string<char>, cep::Module*> >]	24	static
stl_tree.h:956:7:_Compare std::_Rb_tree<_Key, _Val, _KeyOfValue, _Compare, _Alloc>::key_comp() const [with _Key = std::__cxx11::basic_string<char>; _Val = std::pair<const std::__cxx11::basic_string<char>, cep::Module*>; _KeyOfValue = std::_Select1st<std::pair<const std::__cxx11::basic_string<char>, cep::Module*> >; _Compare = std::less<std::__cxx11::basic_string<char> >; _Alloc = std::allocator<std::pair<const std::__cxx11::basic_string<char>, cep::Module*> >]	16	static
basic_string.h:6085:5:bool std::operator<(const std::__cxx11::basic_string<_CharT, _Traits, _Alloc>&, const std::__cxx11::basic_string<_CharT, _Traits, _Alloc>&) [with _CharT = char; _Traits = std::char_traits<char>; _Alloc = std::allocator<char>]	16	static
stl_tree.h:640:9:) [with _Args = {const std::piecewise_construct_t&, std::tuple<const std::__cxx11::basic_string<char, std::char_traits<char>, std::allocator<char> >&>, std::tuple<>}; _Key = std::__cxx11::basic_string<char>; _Val = std::pair<const std::__cxx11::basic_string<char>, cep::Module*>; _KeyOfValue = std::_Select1st<std::pair<const std::__cxx11::basic_string<char>, cep::Module*> >; _Compare = std::less<std::__cxx11::basic_string<char> >; _Alloc = std::allocator<std::pair<const std::__cxx11::basic_string<char>, cep::Module*> >]	48	static
stl_tree.h:2130:5:std::pair<std::_Rb_tree_node_base*, std::_Rb_tree_node_base*> std::_Rb_tree<_Key, _Val, _KeyOfValue, _Compare, _Alloc>::_M_get_insert_hint_unique_pos(std::_Rb_tree<_Key, _Val, _KeyOfValue, _Compare, _Alloc>::const_iterator, const key_type&) [with _Key = std::__cxx11::basic_string<char>; _Val = std::pair<const std::__cxx11::basic_string<char>, cep::Module*>; _KeyOfValue = std::_Select1st<std::pair<const std::__cxx11::basic_string<char>, cep::Module*> >; _Compare = std::less<std::__cxx11::basic_string<char> >; _Alloc = std::allocator<std::pair<const std::__cxx11::basic_string<char>, cep::Module*> >]	64	static
stl_tree.h:759:7:static const _Key& std::_Rb_tree<_Key, _Val, _KeyOfValue, _Compare, _Alloc>::_S_key(std::_Rb_tree<_Key, _Val, _KeyOfValue, _Compare, _Alloc>::_Const_Link_type) [with _Key = std::__cxx11::basic_string<char>; _Val = std::pair<const std::__cxx11::basic_string<char>, cep::Module*>; _KeyOfValue = std::_Select1st<std::pair<const std::__cxx11::basic_string<char>, cep::Module*> >; _Compare = std::less<std::__cxx11::basic_string<char> >; _Alloc = std::allocator<std::pair<const std::__cxx11::basic_string<char>, cep::Module*> >]	24	static
stl_tree.h:2297:5:std::_Rb_tree<_Key, _Val, _KeyOfValue, _Compare, _Alloc>::iterator std::_Rb_tree<_Key, _Val, _KeyOfValue, _Compare, _Alloc>::_M_insert_node(std::_Rb_tree<_Key, _Val, _KeyOfValue, _Compare, _Alloc>::_Base_ptr, std::_Rb_tree<_Key, _Val, _KeyOfValue, _Compare, _Alloc>::_Base_ptr, std::_Rb_tree<_Key, _Val, _KeyOfValue, _Compare, _Alloc>::_Link_type) [with _Key = std::__cxx11::basic_string<char>; _Val = std::pair<const std::__cxx11::basic_string<char>, cep::Module*>; _KeyOfValue = std::_Select1st<std::pair<const std::__cxx11::basic_string<char>, cep::Module*> >; _Compare = std::less<std::__cxx11::basic_string<char> >; _Alloc = std::allocator<std::pair<const std::__cxx11::basic_string<char>, cep::Module*> >]	40	static
stl_tree.h:656:7:void std::_Rb_tree<_Key, _Val, _KeyOfValue, _Compare, _Alloc>::_M_drop_node(std::_Rb_tree<_Key, _Val, _KeyOfValue, _Compare, _Alloc>::_Link_type) [with _Key = std::__cxx11::basic_string<char>; _Val = std::pair<const std::__cxx11::basic_string<char>, cep::Module*>; _KeyOfValue = std::_Select1st<std::pair<const std::__cxx11::basic_string<char>, cep::Module*> >; _Compare = std::less<std::__cxx11::basic_string<char> >; _Alloc = std::allocator<std::pair<const std::__cxx11::basic_string<char>, cep::Module*> >]	16	static
stl_tree.h:273:7:std::_Rb_tree_iterator<_Tp>::_Rb_tree_iterator(std::_Rb_tree_iterator<_Tp>::_Base_ptr) [with _Tp = std::pair<const std::__cxx11::basic_string<char>, cep::Module*>]	16	static
stl_tree.h:771:7:static std::_Rb_tree_node<_Val>* std::_Rb_tree<_Key, _Val, _KeyOfValue, _Compare, _Alloc>::_S_right(std::_Rb_tree<_Key, _Val, _KeyOfValue, _Compare, _Alloc>::_Base_ptr) [with _Key = std::__cxx11::basic_string<char>; _Val = std::pair<const std::__cxx11::basic_string<char>, cep::Module*>; _KeyOfValue = std::_Select1st<std::pair<const std::__cxx11::basic_string<char>, cep::Module*> >; _Compare = std::less<std::__cxx11::basic_string<char> >; _Alloc = std::allocator<std::pair<const std::__cxx11::basic_string<char>, cep::Module*> >]	16	static
stl_tree.h:763:7:static std::_Rb_tree_node<_Val>* std::_Rb_tree<_Key, _Val, _KeyOfValue, _Compare, _Alloc>::_S_left(std::_Rb_tree<_Key, _Val, _KeyOfValue, _Compare, _Alloc>::_Base_ptr) [with _Key = std::__cxx11::basic_string<char>; _Val = std::pair<const std::__cxx11::basic_string<char>, cep::Module*>; _KeyOfValue = std::_Select1st<std::pair<const std::__cxx11::basic_string<char>, cep::Module*> >; _Compare = std::less<std::__cxx11::basic_string<char> >; _Alloc = std::allocator<std::pair<const std::__cxx11::basic_string<char>, cep::Module*> >]	16	static
stl_iterator.h:132:7:constexpr std::reverse_iterator<_Iterator>::reverse_iterator(std::reverse_iterator<_Iterator>::iterator_type) [with _Iterator = std::_Rb_tree_iterator<std::pair<const std::__cxx11::basic_string<char>, cep::Module*> >]	16	static
stl_iterator.h:154:7:constexpr std::reverse_iterator<_Iterator>::iterator_type std::reverse_iterator<_Iterator>::base() const [with _Iterator = std::_Rb_tree_iterator<std::pair<const std::__cxx11::basic_string<char>, cep::Module*> >]	16	static
aligned_buffer.h:70:7:_Tp* __gnu_cxx::__aligned_membuf<_Tp>::_M_ptr() [with _Tp = std::pair<const std::__cxx11::basic_string<char>, cep::Module*>]	16	static
basic_string.h:232:9:void std::__cxx11::basic_string<_CharT, _Traits, _Alloc>::_M_construct_aux(_InIterator, _InIterator, std::__false_type) [with _InIterator = char*; _CharT = char; _Traits = std::char_traits<char>; _Alloc = std::allocator<char>]	40	static
basic_string.h:189:7:std::__cxx11::basic_string<_CharT, _Traits, _Alloc>::const_pointer std::__cxx11::basic_string<_CharT, _Traits, _Alloc>::_M_local_data() const [with _CharT = char; _Traits = std::char_traits<char>; _Alloc = std::allocator<char>]	16	static
alloc_traits.h:461:7:static void std::allocator_traits<std::allocator<_CharT> >::deallocate(std::allocator_traits<std::allocator<_CharT> >::allocator_type&, std::allocator_traits<std::allocator<_CharT> >::pointer, std::allocator_traits<std::allocator<_CharT> >::size_type) [with _Tp = char]	24	static
move.h:137:5:constexpr _Tp* std::addressof(_Tp&) [with _Tp = char]	16	static
stl_iterator_base_types.h:205:5:constexpr typename std::iterator_traits<_Iterator>::iterator_category std::__iterator_category(const _Iter&) [with _Iter = const char*]	16	static
stl_iterator_base_funcs.h:138:5:constexpr typename std::iterator_traits<_Iterator>::difference_type std::distance(_InputIterator, _InputIterator) [with _InputIterator = const char*]	24	static
basic_string.tcc:206:7:void std::__cxx11::basic_string<_CharT, _Traits, _Alloc>::_M_construct(_InIterator, _InIterator, std::forward_iterator_tag) [with _FwdIterator = const char*; _CharT = char; _Traits = std::char_traits<char>; _Alloc = std::allocator<char>]	32	static
alloc_traits.h:504:7:static std::allocator_traits<std::allocator<_CharT> >::allocator_type std::allocator_traits<std::allocator<_CharT> >::select_on_container_copy_construction(const allocator_type&) [with _Tp = char]	16	static
basic_string.h:922:7:std::__cxx11::basic_string<_CharT, _Traits, _Alloc>::size_type std::__cxx11::basic_string<_CharT, _Traits, _Alloc>::max_size() const [with _CharT = char; _Traits = std::char_traits<char>; _Alloc = std::allocator<char>]	16	static
basic_string.h:335:7:static void std::__cxx11::basic_string<_CharT, _Traits, _Alloc>::_S_copy(_CharT*, const _CharT*, std::__cxx11::basic_string<_CharT, _Traits, _Alloc>::size_type) [with _CharT = char; _Traits = std::char_traits<char>; _Alloc = std::allocator<char>]	24	static
stl_tree.h:747:7:std::_Rb_tree_node_base* std::_Rb_tree<_Key, _Val, _KeyOfValue, _Compare, _Alloc>::_M_end() [with _Key = std::__cxx11::basic_string<char>; _Val = std::pair<const std::__cxx11::basic_string<char>, cep::Module*>; _KeyOfValue = std::_Select1st<std::pair<const std::__cxx11::basic_string<char>, cep::Module*> >; _Compare = std::less<std::__cxx11::basic_string<char> >; _Alloc = std::allocator<std::pair<const std::__cxx11::basic_string<char>, cep::Module*> >]	16	static
stl_tree.h:1867:5:std::_Rb_tree<_Key, _Val, _KeyOfValue, _Compare, _Alloc>::iterator std::_Rb_tree<_Key, _Val, _KeyOfValue, _Compare, _Alloc>::_M_lower_bound(std::_Rb_tree<_Key, _Val, _KeyOfValue, _Compare, _Alloc>::_Link_type, std::_Rb_tree<_Key, _Val, _KeyOfValue, _Compare, _Alloc>::_Base_ptr, const _Key&) [with _Key = std::__cxx11::basic_string<char>; _Val = std::pair<const std::__cxx11::basic_string<char>, cep::Module*>; _KeyOfValue = std::_Select1st<std::pair<const std::__cxx11::basic_string<char>, cep::Module*> >; _Compare = std::less<std::__cxx11::basic_string<char> >; _Alloc = std::allocator<std::pair<const std::__cxx11::basic_string<char>, cep::Module*> >]	40	static
basic_string.h:2824:7:int std::__cxx11::basic_string<_CharT, _Traits, _Alloc>::compare(const std::__cxx11::basic_string<_CharT, _Traits, _Alloc>&) const [with _CharT = char; _Traits = std::char_traits<char>; _Alloc = std::allocator<char>]	40	static
stl_tree.h:587:7:std::_Rb_tree_node<_Val>* std::_Rb_tree<_Key, _Val, _KeyOfValue, _Compare, _Alloc>::_M_get_node() [with _Key = std::__cxx11::basic_string<char>; _Val = std::pair<const std::__cxx11::basic_string<char>, cep::Module*>; _KeyOfValue = std::_Select1st<std::pair<const std::__cxx11::basic_string<char>, cep::Module*> >; _Compare = std::less<std::__cxx11::basic_string<char> >; _Alloc = std::allocator<std::pair<const std::__cxx11::basic_string<char>, cep::Module*> >]	16	static
stl_tree.h:621:2:) [with _Args = {const std::piecewise_construct_t&, std::tuple<const std::__cxx11::basic_string<char, std::char_traits<char>, std::allocator<char> >&>, std::tuple<>}; _Key = std::__cxx11::basic_string<char>; _Val = std::pair<const std::__cxx11::basic_string<char>, cep::Module*>; _KeyOfValue = std::_Select1st<std::pair<const std::__cxx11::basic_string<char>, cep::Module*> >; _Compare = std::less<std::__cxx11::basic_string<char> >; _Alloc = std::allocator<std::pair<const std::__cxx11::basic_string<char>, cep::Module*> >]	48	static
stl_tree.h:352:7:std::_Rb_tree_const_iterator<_Tp>::iterator std::_Rb_tree_const_iterator<_Tp>::_M_const_cast() const [with _Tp = std::pair<const std::__cxx11::basic_string<char>, cep::Module*>]	24	static
stl_tree.h:996:7:std::_Rb_tree<_Key, _Val, _KeyOfValue, _Compare, _Alloc>::size_type std::_Rb_tree<_Key, _Val, _KeyOfValue, _Compare, _Alloc>::size() const [with _Key = std::__cxx11::basic_string<char>; _Val = std::pair<const std::__cxx11::basic_string<char>, cep::Module*>; _KeyOfValue = std::_Select1st<std::pair<const std::__cxx11::basic_string<char>, cep::Module*> >; _Compare = std::less<std::__cxx11::basic_string<char> >; _Alloc = std::allocator<std::pair<const std::__cxx11::basic_string<char>, cep::Module*> >]	16	static
stl_tree.h:728:7:std::_Rb_tree_node_base*& std::_Rb_tree<_Key, _Val, _KeyOfValue, _Compare, _Alloc>::_M_rightmost() [with _Key = std::__cxx11::basic_string<char>; _Val = std::pair<const std::__cxx11::basic_string<char>, cep::Module*>; _KeyOfValue = std::_Select1st<std::pair<const std::__cxx11::basic_string<char>, cep::Module*> >; _Compare = std::less<std::__cxx11::basic_string<char> >; _Alloc = std::allocator<std::pair<const std::__cxx11::basic_string<char>, cep::Module*> >]	16	static
stl_tree.h:783:7:static const _Key& std::_Rb_tree<_Key, _Val, _KeyOfValue, _Compare, _Alloc>::_S_key(std::_Rb_tree<_Key, _Val, _KeyOfValue, _Compare, _Alloc>::_Const_Base_ptr) [with _Key = std::__cxx11::basic_string<char>; _Val = std::pair<const std::__cxx11::basic_string<char>, cep::Module*>; _KeyOfValue = std::_Select1st<std::pair<const std::__cxx11::basic_string<char>, cep::Module*> >; _Compare = std::less<std::__cxx11::basic_string<char> >; _Alloc = std::allocator<std::pair<const std::__cxx11::basic_string<char>, cep::Module*> >]	24	static
stl_pair.h:314:18:constexpr std::pair<_T1, _T2>::pair(const _T1&, _U2&&) [with _U2 = std::_Rb_tree_node_base*&; typename std::enable_if<std::_PCC<true, _T1, _T2>::_CopyMovePair<true, _T1, _U2>(), bool>::type <anonymous> = 1; _T1 = std::_Rb_tree_node_base*; _T2 = std::_Rb_tree_node_base*]	24	static
stl_tree.h:2028:5:std::pair<std::_Rb_tree_node_base*, std::_Rb_tree_node_base*> std::_Rb_tree<_Key, _Val, _KeyOfValue, _Compare, _Alloc>::_M_get_insert_unique_pos(const key_type&) [with _Key = std::__cxx11::basic_string<char>; _Val = std::pair<const std::__cxx11::basic_string<char>, cep::Module*>; _KeyOfValue = std::_Select1st<std::pair<const std::__cxx11::basic_string<char>, cep::Module*> >; _Compare = std::less<std::__cxx11::basic_string<char> >; _Alloc = std::allocator<std::pair<const std::__cxx11::basic_string<char>, cep::Module*> >]	56	static
stl_tree.h:720:7:std::_Rb_tree_node_base*& std::_Rb_tree<_Key, _Val, _KeyOfValue, _Compare, _Alloc>::_M_leftmost() [with _Key = std::__cxx11::basic_string<char>; _Val = std::pair<const std::__cxx11::basic_string<char>, cep::Module*>; _KeyOfValue = std::_Select1st<std::pair<const std::__cxx11::basic_string<char>, cep::Module*> >; _Compare = std::less<std::__cxx11::basic_string<char> >; _Alloc = std::allocator<std::pair<const std::__cxx11::basic_string<char>, cep::Module*> >]	16	static
stl_pair.h:330:12:constexpr std::pair<_T1, _T2>::pair(_U1&&, _U2&&) [with _U1 = std::_Rb_tree_node_base*&; _U2 = std::_Rb_tree_node_base*&; typename std::enable_if<(std::_PCC<true, _T1, _T2>::_MoveConstructiblePair<_U1, _U2>() && std::_PCC<true, _T1, _T2>::_ImplicitlyMoveConvertiblePair<_U1, _U2>()), bool>::type <anonymous> = 1; _T1 = std::_Rb_tree_node_base*; _T2 = std::_Rb_tree_node_base*]	24	static
stl_pair.h:300:18:constexpr std::pair<_T1, _T2>::pair(_U1&&, const _T2&) [with _U1 = std::_Rb_tree_node_base*&; typename std::enable_if<std::_PCC<true, _T1, _T2>::_MoveCopyPair<true, _U1, _T2>(), bool>::type <anonymous> = 1; _T1 = std::_Rb_tree_node_base*; _T2 = std::_Rb_tree_node_base*]	24	static
stl_tree.h:755:7:static const value_type& std::_Rb_tree<_Key, _Val, _KeyOfValue, _Compare, _Alloc>::_S_value(std::_Rb_tree<_Key, _Val, _KeyOfValue, _Compare, _Alloc>::_Const_Link_type) [with _Key = std::__cxx11::basic_string<char>; _Val = std::pair<const std::__cxx11::basic_string<char>, cep::Module*>; _KeyOfValue = std::_Select1st<std::pair<const std::__cxx11::basic_string<char>, cep::Module*> >; _Compare = std::less<std::__cxx11::basic_string<char> >; _Alloc = std::allocator<std::pair<const std::__cxx11::basic_string<char>, cep::Module*> >]	16	static
stl_function.h:890:7:const typename _Pair::first_type& std::_Select1st<_Pair>::operator()(const _Pair&) const [with _Pair = std::pair<const std::__cxx11::basic_string<char>, cep::Module*>]	16	static
stl_tree.h:648:7:void std::_Rb_tree<_Key, _Val, _KeyOfValue, _Compare, _Alloc>::_M_destroy_node(std::_Rb_tree<_Key, _Val, _KeyOfValue, _Compare, _Alloc>::_Link_type) [with _Key = std::__cxx11::basic_string<char>; _Val = std::pair<const std::__cxx11::basic_string<char>, cep::Module*>; _KeyOfValue = std::_Select1st<std::pair<const std::__cxx11::basic_string<char>, cep::Module*> >; _Compare = std::less<std::__cxx11::basic_string<char> >; _Alloc = std::allocator<std::pair<const std::__cxx11::basic_string<char>, cep::Module*> >]	24	static
stl_tree.h:591:7:void std::_Rb_tree<_Key, _Val, _KeyOfValue, _Compare, _Alloc>::_M_put_node(std::_Rb_tree<_Key, _Val, _KeyOfValue, _Compare, _Alloc>::_Link_type) [with _Key = std::__cxx11::basic_string<char>; _Val = std::pair<const std::__cxx11::basic_string<char>, cep::Module*>; _KeyOfValue = std::_Select1st<std::pair<const std::__cxx11::basic_string<char>, cep::Module*> >; _Compare = std::less<std::__cxx11::basic_string<char> >; _Alloc = std::allocator<std::pair<const std::__cxx11::basic_string<char>, cep::Module*> >]	16	static
aligned_buffer.h:62:7:void* __gnu_cxx::__aligned_membuf<_Tp>::_M_addr() [with _Tp = std::pair<const std::__cxx11::basic_string<char>, cep::Module*>]	16	static
stl_iterator_base_types.h:205:5:constexpr typename std::iterator_traits<_Iterator>::iterator_category std::__iterator_category(const _Iter&) [with _Iter = char*]	16	static
stl_iterator_base_funcs.h:138:5:constexpr typename std::iterator_traits<_Iterator>::difference_type std::distance(_InputIterator, _InputIterator) [with _InputIterator = char*]	24	static
basic_string.tcc:206:7:void std::__cxx11::basic_string<_CharT, _Traits, _Alloc>::_M_construct(_InIterator, _InIterator, std::forward_iterator_tag) [with _FwdIterator = char*; _CharT = char; _Traits = std::char_traits<char>; _Alloc = std::allocator<char>]	32	static
ptr_traits.h:141:7:static _Tp* std::pointer_traits<_Tp*>::pointer_to(std::__make_not_void<_Tp>&) [with _Tp = const char]	16	static
new_allocator.h:116:7:void __gnu_cxx::new_allocator<_Tp>::deallocate(__gnu_cxx::new_allocator<_Tp>::pointer, __gnu_cxx::new_allocator<_Tp>::size_type) [with _Tp = char]	24	static
move.h:47:5:constexpr _Tp* std::__addressof(_Tp&) [with _Tp = char]	16	static
type_traits.h:152:5:bool __gnu_cxx::__is_null_pointer(_Type*) [with _Type = const char]	16	static
stl_iterator_base_funcs.h:98:5:constexpr typename std::iterator_traits<_Iterator>::difference_type std::__distance(_RandomAccessIterator, _RandomAccessIterator, std::random_access_iterator_tag) [with _RandomAccessIterator = const char*]	24	static
basic_string.tcc:132:5:std::__cxx11::basic_string<_CharT, _Traits, _Alloc>::pointer std::__cxx11::basic_string<_CharT, _Traits, _Alloc>::_M_create(std::__cxx11::basic_string<_CharT, _Traits, _Alloc>::size_type&, std::__cxx11::basic_string<_CharT, _Traits, _Alloc>::size_type) [with _CharT = char; _Traits = std::char_traits<char>; _Alloc = std::allocator<char>]	32	static
basic_string.h:385:7:static void std::__cxx11::basic_string<_CharT, _Traits, _Alloc>::_S_copy_chars(_CharT*, const _CharT*, const _CharT*) [with _CharT = char; _Traits = std::char_traits<char>; _Alloc = std::allocator<char>]	24	static
alloc_traits.h:495:7:static std::allocator_traits<std::allocator<_CharT> >::size_type std::allocator_traits<std::allocator<_CharT> >::max_size(const allocator_type&) [with _Tp = char]	16	static
basic_string.h:390:7:static int std::__cxx11::basic_string<_CharT, _Traits, _Alloc>::_S_compare(std::__cxx11::basic_string<_CharT, _Traits, _Alloc>::size_type, std::__cxx11::basic_string<_CharT, _Traits, _Alloc>::size_type) [with _CharT = char; _Traits = std::char_traits<char>; _Alloc = std::allocator<char>]	24	static
stl_tree.h:574:7:std::_Rb_tree<_Key, _Val, _KeyOfValue, _Compare, _Alloc>::_Node_allocator& std::_Rb_tree<_Key, _Val, _KeyOfValue, _Compare, _Alloc>::_M_get_Node_allocator() [with _Key = std::__cxx11::basic_string<char>; _Val = std::pair<const std::__cxx11::basic_string<char>, cep::Module*>; _KeyOfValue = std::_Select1st<std::pair<const std::__cxx11::basic_string<char>, cep::Module*> >; _Compare = std::less<std::__cxx11::basic_string<char> >; _Alloc = std::allocator<std::pair<const std::__cxx11::basic_string<char>, cep::Module*> >]	16	static
alloc_traits.h:435:7:static _Tp* std::allocator_traits<std::allocator<_CharT> >::allocate(std::allocator_traits<std::allocator<_CharT> >::allocator_type&, std::allocator_traits<std::allocator<_CharT> >::size_type) [with _Tp = std::_Rb_tree_node<std::pair<const std::__cxx11::basic_string<char>, cep::Module*> >]	16	static
alloc_traits.h:474:2:) [with _Up = std::pair<const std::__cxx11::basic_string<char>, cep::Module*>; _Args = {const std::piecewise_construct_t&, std::tuple<const std::__cxx11::basic_string<char, std::char_traits<char>, std::allocator<char> >&>, std::tuple<>}; _Tp = std::_Rb_tree_node<std::pair<const std::__cxx11::basic_string<char>, cep::Module*> >]	40	static
stl_tree.h:779:7:static const value_type& std::_Rb_tree<_Key, _Val, _KeyOfValue, _Compare, _Alloc>::_S_value(std::_Rb_tree<_Key, _Val, _KeyOfValue, _Compare, _Alloc>::_Const_Base_ptr) [with _Key = std::__cxx11::basic_string<char>; _Val = std::pair<const std::__cxx11::basic_string<char>, cep::Module*>; _KeyOfValue = std::_Select1st<std::pair<const std::__cxx11::basic_string<char>, cep::Module*> >; _Compare = std::less<std::__cxx11::basic_string<char> >; _Alloc = std::allocator<std::pair<const std::__cxx11::basic_string<char>, cep::Module*> >]	16	static
move.h:73:5:constexpr _Tp&& std::forward(typename std::remove_reference<_From>::type&) [with _Tp = std::_Rb_tree_node_base*&]	16	static
stl_pair.h:330:12:constexpr std::pair<_T1, _T2>::pair(_U1&&, _U2&&) [with _U1 = std::_Rb_tree_node<std::pair<const std::__cxx11::basic_string<char>, cep::Module*> >*&; _U2 = std::_Rb_tree_node_base*&; typename std::enable_if<(std::_PCC<true, _T1, _T2>::_MoveConstructiblePair<_U1, _U2>() && std::_PCC<true, _T1, _T2>::_ImplicitlyMoveConvertiblePair<_U1, _U2>()), bool>::type <anonymous> = 1; _T1 = std::_Rb_tree_node_base*; _T2 = std::_Rb_tree_node_base*]	24	static
stl_tree.h:238:7:const _Val* std::_Rb_tree_node<_Val>::_M_valptr() const [with _Val = std::pair<const std::__cxx11::basic_string<char>, cep::Module*>]	16	static
alloc_traits.h:486:2:static void std::allocator_traits<std::allocator<_CharT> >::destroy(std::allocator_traits<std::allocator<_CharT> >::allocator_type&, _Up*) [with _Up = std::pair<const std::__cxx11::basic_string<char>, cep::Module*>; _Tp = std::_Rb_tree_node<std::pair<const std::__cxx11::basic_string<char>, cep::Module*> >]	16	static
alloc_traits.h:461:7:static void std::allocator_traits<std::allocator<_CharT> >::deallocate(std::allocator_traits<std::allocator<_CharT> >::allocator_type&, std::allocator_traits<std::allocator<_CharT> >::pointer, std::allocator_traits<std::allocator<_CharT> >::size_type) [with _Tp = std::_Rb_tree_node<std::pair<const std::__cxx11::basic_string<char>, cep::Module*> >]	24	static
type_traits.h:152:5:bool __gnu_cxx::__is_null_pointer(_Type*) [with _Type = char]	16	static
stl_iterator_base_funcs.h:98:5:constexpr typename std::iterator_traits<_Iterator>::difference_type std::__distance(_RandomAccessIterator, _RandomAccessIterator, std::random_access_iterator_tag) [with _RandomAccessIterator = char*]	24	static
basic_string.h:381:7:static void std::__cxx11::basic_string<_CharT, _Traits, _Alloc>::_S_copy_chars(_CharT*, _CharT*, _CharT*) [with _CharT = char; _Traits = std::char_traits<char>; _Alloc = std::allocator<char>]	24	static
move.h:137:5:constexpr _Tp* std::addressof(_Tp&) [with _Tp = const char]	16	static
alloc_traits.h:435:7:static _Tp* std::allocator_traits<std::allocator<_CharT> >::allocate(std::allocator_traits<std::allocator<_CharT> >::allocator_type&, std::allocator_traits<std::allocator<_CharT> >::size_type) [with _Tp = char]	16	static
new_allocator.h:129:7:__gnu_cxx::new_allocator<_Tp>::size_type __gnu_cxx::new_allocator<_Tp>::max_size() const [with _Tp = char]	16	static
new_allocator.h:99:7:_Tp* __gnu_cxx::new_allocator<_Tp>::allocate(__gnu_cxx::new_allocator<_Tp>::size_type, const void*) [with _Tp = std::_Rb_tree_node<std::pair<const std::__cxx11::basic_string<char>, cep::Module*> >]	24	static
tuple:662:17:constexpr std::tuple<_Elements>::tuple(std::tuple<_Elements>&&) [with _Elements = {const std::__cxx11::basic_string<char, std::char_traits<char>, std::allocator<char> >&}]	16	static
tuple:351:7:static constexpr _Head& std::_Tuple_impl<_Idx, _Head>::_M_head(std::_Tuple_impl<_Idx, _Head>&) [with unsigned int _Idx = 0; _Head = const std::__cxx11::basic_string<char>&]	16	static
tuple:160:7:static constexpr _Head& std::_Head_base<_Idx, _Head, false>::_M_head(std::_Head_base<_Idx, _Head, false>&) [with unsigned int _Idx = 0; _Head = const std::__cxx11::basic_string<char>&]	16	static
move.h:73:5:constexpr _Tp&& std::forward(typename std::remove_reference<_From>::type&) [with _Tp = const std::__cxx11::basic_string<char>&]	16	static
tuple:371:7:constexpr std::_Tuple_impl<_Idx, _Head>::_Tuple_impl(std::_Tuple_impl<_Idx, _Head>&&) [with unsigned int _Idx = 0; _Head = const std::__cxx11::basic_string<char>&]	24	static
new_allocator.h:135:2:) [with _Up = std::pair<const std::__cxx11::basic_string<char>, cep::Module*>; _Args = {const std::piecewise_construct_t&, std::tuple<const std::__cxx11::basic_string<char, std::char_traits<char>, std::allocator<char> >&>, std::tuple<>}; _Tp = std::_Rb_tree_node<std::pair<const std::__cxx11::basic_string<char>, cep::Module*> >]	48	static
move.h:73:5:constexpr _Tp&& std::forward(typename std::remove_reference<_From>::type&) [with _Tp = std::_Rb_tree_node<std::pair<const std::__cxx11::basic_string<char>, cep::Module*> >*&]	16	static
aligned_buffer.h:74:7:const _Tp* __gnu_cxx::__aligned_membuf<_Tp>::_M_ptr() const [with _Tp = std::pair<const std::__cxx11::basic_string<char>, cep::Module*>]	16	static
stl_pair.h:198:12:std::pair<const std::__cxx11::basic_string<char>, cep::Module*>::~pair()	16	static
new_allocator.h:140:2:void __gnu_cxx::new_allocator<_Tp>::destroy(_Up*) [with _Up = std::pair<const std::__cxx11::basic_string<char>, cep::Module*>; _Tp = std::_Rb_tree_node<std::pair<const std::__cxx11::basic_string<char>, cep::Module*> >]	16	static
new_allocator.h:116:7:void __gnu_cxx::new_allocator<_Tp>::deallocate(__gnu_cxx::new_allocator<_Tp>::pointer, __gnu_cxx::new_allocator<_Tp>::size_type) [with _Tp = std::_Rb_tree_node<std::pair<const std::__cxx11::basic_string<char>, cep::Module*> >]	24	static
move.h:47:5:constexpr _Tp* std::__addressof(_Tp&) [with _Tp = const char]	16	static
new_allocator.h:99:7:_Tp* __gnu_cxx::new_allocator<_Tp>::allocate(__gnu_cxx::new_allocator<_Tp>::size_type, const void*) [with _Tp = char]	24	static
new_allocator.h:129:7:__gnu_cxx::new_allocator<_Tp>::size_type __gnu_cxx::new_allocator<_Tp>::max_size() const [with _Tp = std::_Rb_tree_node<std::pair<const std::__cxx11::basic_string<char>, cep::Module*> >]	16	static
tuple:1636:7:>) [with _Args1 = {const std::__cxx11::basic_string<char, std::char_traits<char>, std::allocator<char> >&}; _Args2 = {}; _T1 = const std::__cxx11::basic_string<char>; _T2 = cep::Module*]	40	static
aligned_buffer.h:66:7:const void* __gnu_cxx::__aligned_membuf<_Tp>::_M_addr() const [with _Tp = std::pair<const std::__cxx11::basic_string<char>, cep::Module*>]	16	static
tuple:1314:5:>&) [with unsigned int __i = 0; _Elements = {const std::__cxx11::basic_string<char, std::char_traits<char>, std::allocator<char> >&}]	16	static
tuple:1303:5:>&) [with unsigned int __i = 0; _Head = const std::__cxx11::basic_string<char>&; _Tail = {}]	16	static
tuple:1648:7:_Indexes2 = {}; _T1 = const std::__cxx11::basic_string<char>; _T2 = cep::Module*]	32	static
MasterApplication.h:39:13:MasterApplication::~MasterApplication()	16	static
MasterApplication.h:39:13:virtual MasterApplication::~MasterApplication()	16	static
